---
source: lowlevel/src/tests.rs
expression: "d.exec(&Command::parse(r#\"(echo \"Hello, world!\")\"#)?)?"
---
SpecificSuccessResponse(EchoResponse(EchoResponse("\"Hello, world!\"")))
